{"level":"info","message":"server","service":"backend-web2","timestamp":"2025-11-19 14:31:25"}
{"level":"info","message":"server","service":"backend-web2","timestamp":"2025-11-19 14:31:29"}
{"level":"info","message":"server","service":"backend-web2","timestamp":"2025-11-19 14:31:38"}
{"level":"info","message":"server","service":"backend-web2","timestamp":"2025-11-19 14:31:45"}
{"level":"info","message":"server","service":"backend-web2","timestamp":"2025-11-20 22:43:47"}
{"level":"info","message":"server","service":"backend-web2","timestamp":"2025-11-20 22:55:47"}
{"action":"Proceso de login iniciado","level":"info","message":"INICIANDO: Proceso de login iniciado","module":"auth","service":"backend-web2","tienePassword":true,"timestamp":"2025-11-20 23:28:43","usuario":"SamPocket"}
{"IDAuth":1,"action":"Usuario encontrado en Auth","level":"info","message":"EXITOSO: Usuario encontrado en Auth","module":"auth","service":"backend-web2","timestamp":"2025-11-20 23:28:43","usuario":"SamPocket"}
{"IDAuth":1,"action":"Verificando contraseña","level":"info","message":"INICIANDO: Verificando contraseña","module":"auth","service":"backend-web2","timestamp":"2025-11-20 23:28:43"}
{"IDAuth":1,"action":"Contraseña verificada correctamente","level":"info","message":"EXITOSO: Contraseña verificada correctamente","module":"auth","service":"backend-web2","timestamp":"2025-11-20 23:28:43"}
{"IDUsuario":1,"action":"Información de usuario obtenida","level":"info","message":"EXITOSO: Información de usuario obtenida","module":"auth","nombre":"Samantha Pocket","service":"backend-web2","timestamp":"2025-11-20 23:28:43"}
{"IDAuth":1,"IDUsuario":1,"action":"Generando token JWT","level":"info","message":"INICIANDO: Generando token JWT","module":"auth","service":"backend-web2","timestamp":"2025-11-20 23:28:43"}
{"IDUsuario":1,"action":"Token JWT generado exitosamente","level":"info","message":"EXITOSO: Token JWT generado exitosamente","module":"auth","service":"backend-web2","timestamp":"2025-11-20 23:28:43","tokenGenerado":true}
{"IDUsuario":1,"action":"Login completado exitosamente","level":"info","message":"EXITOSO: Login completado exitosamente","module":"auth","service":"backend-web2","timestamp":"2025-11-20 23:28:43","usuario":"SamPocket"}
{"action":"Proceso de login iniciado","level":"info","message":"INICIANDO: Proceso de login iniciado","module":"auth","service":"backend-web2","tienePassword":true,"timestamp":"2025-11-21 00:45:01","usuario":"SamPocket"}
{"IDAuth":1,"action":"Usuario encontrado en Auth","level":"info","message":"EXITOSO: Usuario encontrado en Auth","module":"auth","service":"backend-web2","timestamp":"2025-11-21 00:45:01","usuario":"SamPocket"}
{"IDAuth":1,"action":"Verificando contraseña","level":"info","message":"INICIANDO: Verificando contraseña","module":"auth","service":"backend-web2","timestamp":"2025-11-21 00:45:01"}
{"IDAuth":1,"action":"Contraseña verificada correctamente","level":"info","message":"EXITOSO: Contraseña verificada correctamente","module":"auth","service":"backend-web2","timestamp":"2025-11-21 00:45:01"}
{"IDUsuario":1,"action":"Información de usuario obtenida","level":"info","message":"EXITOSO: Información de usuario obtenida","module":"auth","nombre":"Samantha Pocket","service":"backend-web2","timestamp":"2025-11-21 00:45:01"}
{"IDAuth":1,"IDUsuario":1,"action":"Generando token JWT","level":"info","message":"INICIANDO: Generando token JWT","module":"auth","service":"backend-web2","timestamp":"2025-11-21 00:45:01"}
{"IDUsuario":1,"action":"Token JWT generado exitosamente","level":"info","message":"EXITOSO: Token JWT generado exitosamente","module":"auth","service":"backend-web2","timestamp":"2025-11-21 00:45:01","tokenGenerado":true}
{"IDUsuario":1,"action":"Login completado exitosamente","level":"info","message":"EXITOSO: Login completado exitosamente","module":"auth","service":"backend-web2","timestamp":"2025-11-21 00:45:01","usuario":"SamPocket"}
{"action":"Obteniendo usuario por ID","id":"1","level":"info","message":"INICIANDO: Obteniendo usuario por ID","module":"usuarios-controller","service":"backend-web2","timestamp":"2025-11-21 00:48:26"}
{"action":"Usuario obtenido exitosamente","id":"1","level":"info","message":"EXITOSO: Usuario obtenido exitosamente","module":"usuarios-controller","service":"backend-web2","timestamp":"2025-11-21 00:48:26"}
{"action":"Obteniendo usuario por ID","id":"1","level":"info","message":"INICIANDO: Obteniendo usuario por ID","module":"usuarios-controller","service":"backend-web2","timestamp":"2025-11-21 00:48:26"}
{"action":"Usuario obtenido exitosamente","id":"1","level":"info","message":"EXITOSO: Usuario obtenido exitosamente","module":"usuarios-controller","service":"backend-web2","timestamp":"2025-11-21 00:48:26"}
{"level":"info","message":"server","service":"backend-web2","timestamp":"2025-11-21 00:52:49"}
{"level":"info","message":"server","service":"backend-web2","timestamp":"2025-11-21 00:57:52"}
{"action":"Obteniendo usuario por ID","id":"1","level":"info","message":"INICIANDO: Obteniendo usuario por ID","module":"usuarios-controller","service":"backend-web2","timestamp":"2025-11-21 00:58:04"}
{"action":"Usuario obtenido exitosamente","id":"1","level":"info","message":"EXITOSO: Usuario obtenido exitosamente","module":"usuarios-controller","service":"backend-web2","timestamp":"2025-11-21 00:58:04"}
{"action":"Obteniendo usuario por ID","id":"1","level":"info","message":"INICIANDO: Obteniendo usuario por ID","module":"usuarios-controller","service":"backend-web2","timestamp":"2025-11-21 00:58:05"}
{"action":"Usuario obtenido exitosamente","id":"1","level":"info","message":"EXITOSO: Usuario obtenido exitosamente","module":"usuarios-controller","service":"backend-web2","timestamp":"2025-11-21 00:58:05"}
{"action":"Validando datos para agregar usuario","body":{"Activo":1,"Correo":"brenda@gmail.com","Foto":null,"Nombre":"Brenda Elizabeth Bonilla González","Password":"[PROTEGIDO]","Telefono":"812-579-2725","Usuario":"Elly"},"level":"info","message":"INICIANDO: Validando datos para agregar usuario","module":"usuarios-controller","service":"backend-web2","timestamp":"2025-11-21 00:58:31"}
{"action":"Guardando usuario en base de datos","level":"info","message":"INICIANDO: Guardando usuario en base de datos","module":"usuarios-controller","service":"backend-web2","timestamp":"2025-11-21 00:58:31","usuario":{"Activo":1,"Correo":"brenda@gmail.com","Foto":null,"Nombre":"Brenda Elizabeth Bonilla González","Password":"[PROTEGIDO]","Telefono":"812-579-2725"}}
{"Correo":"brenda@gmail.com","IDUsuario":2,"Nombre":"Brenda Elizabeth Bonilla González","action":"Usuario guardado exitosamente","level":"info","message":"EXITOSO: Usuario guardado exitosamente","module":"usuarios-controller","service":"backend-web2","tieneFoto":false,"timestamp":"2025-11-21 00:58:31"}
{"IDUsuario":2,"Usuario":"Elly","action":"Guardando credenciales de autenticación","level":"info","message":"INICIANDO: Guardando credenciales de autenticación","module":"usuarios-controller","service":"backend-web2","timestamp":"2025-11-21 00:58:31"}
{"action":"Creando nuevas credenciales","level":"info","message":"INICIANDO: Creando nuevas credenciales","module":"auth","service":"backend-web2","tieneId":true,"tienePassword":true,"tieneUsuario":true,"timestamp":"2025-11-21 00:58:31"}
{"IDAuth":2,"action":"Hasheando contraseña","level":"info","message":"INICIANDO: Hasheando contraseña","module":"auth","service":"backend-web2","timestamp":"2025-11-21 00:58:31"}
{"IDAuth":2,"action":"Contraseña hasheada","level":"info","message":"EXITOSO: Contraseña hasheada","module":"auth","service":"backend-web2","timestamp":"2025-11-21 00:58:31"}
{"IDAuth":2,"action":"Credenciales creadas exitosamente","level":"info","message":"EXITOSO: Credenciales creadas exitosamente","module":"auth","service":"backend-web2","timestamp":"2025-11-21 00:58:31","usuario":"Elly"}
{"IDUsuario":2,"Usuario":"Elly","action":"Credenciales guardadas exitosamente","level":"info","message":"EXITOSO: Credenciales guardadas exitosamente","module":"usuarios-controller","service":"backend-web2","timestamp":"2025-11-21 00:58:31"}
{"action":"Proceso de login iniciado","level":"info","message":"INICIANDO: Proceso de login iniciado","module":"auth","service":"backend-web2","tienePassword":true,"timestamp":"2025-11-21 00:58:34","usuario":"Elly"}
{"IDAuth":2,"action":"Usuario encontrado en Auth","level":"info","message":"EXITOSO: Usuario encontrado en Auth","module":"auth","service":"backend-web2","timestamp":"2025-11-21 00:58:34","usuario":"Elly"}
{"IDAuth":2,"action":"Verificando contraseña","level":"info","message":"INICIANDO: Verificando contraseña","module":"auth","service":"backend-web2","timestamp":"2025-11-21 00:58:34"}
{"IDAuth":2,"action":"Contraseña verificada correctamente","level":"info","message":"EXITOSO: Contraseña verificada correctamente","module":"auth","service":"backend-web2","timestamp":"2025-11-21 00:58:34"}
{"IDUsuario":2,"action":"Información de usuario obtenida","level":"info","message":"EXITOSO: Información de usuario obtenida","module":"auth","nombre":"Brenda Elizabeth Bonilla González","service":"backend-web2","timestamp":"2025-11-21 00:58:34"}
{"IDAuth":2,"IDUsuario":2,"action":"Generando token JWT","level":"info","message":"INICIANDO: Generando token JWT","module":"auth","service":"backend-web2","timestamp":"2025-11-21 00:58:34"}
{"IDUsuario":2,"action":"Token JWT generado exitosamente","level":"info","message":"EXITOSO: Token JWT generado exitosamente","module":"auth","service":"backend-web2","timestamp":"2025-11-21 00:58:34","tokenGenerado":true}
{"IDUsuario":2,"action":"Login completado exitosamente","level":"info","message":"EXITOSO: Login completado exitosamente","module":"auth","service":"backend-web2","timestamp":"2025-11-21 00:58:34","usuario":"Elly"}
{"action":"Obteniendo usuario por ID","id":"2","level":"info","message":"INICIANDO: Obteniendo usuario por ID","module":"usuarios-controller","service":"backend-web2","timestamp":"2025-11-21 00:58:34"}
{"action":"Usuario obtenido exitosamente","id":"2","level":"info","message":"EXITOSO: Usuario obtenido exitosamente","module":"usuarios-controller","service":"backend-web2","timestamp":"2025-11-21 00:58:34"}
{"action":"Obteniendo usuario por ID","id":"2","level":"info","message":"INICIANDO: Obteniendo usuario por ID","module":"usuarios-controller","service":"backend-web2","timestamp":"2025-11-21 00:58:34"}
{"action":"Usuario obtenido exitosamente","id":"2","level":"info","message":"EXITOSO: Usuario obtenido exitosamente","module":"usuarios-controller","service":"backend-web2","timestamp":"2025-11-21 00:58:34"}
